<html>
<body>
<pre>
<h1>µVision Build Log</h1>
<h2>Tool Versions:</h2>
IDE-Version: µVision V5.29.0.0
Copyright (C) 2019 ARM Ltd and ARM Germany GmbH. All rights reserved.
License Information: Christopher Rose, N/A, LIC=----
 
Tool Versions:
Toolchain:       MDK-Lite  Version: 5.29.0.0
Toolchain Path:  C:\Keil_v5\ARM\ARMCC\Bin
C Compiler:      Armcc.exe V5.06 update 6 (build 750)
Assembler:       Armasm.exe V5.06 update 6 (build 750)
Linker/Locator:  ArmLink.exe V5.06 update 6 (build 750)
Library Manager: ArmAr.exe V5.06 update 6 (build 750)
Hex Converter:   FromElf.exe V5.06 update 6 (build 750)
CPU DLL:         SARM.DLL V5.29.0.0
Dialog DLL:      DARMP.DLL V1.53.0.0
Target DLL:      UL2ARM.DLL V1.74.10.0
Dialog DLL:      TARMP.DLL V1.53.0.0
 
<h2>Project:</h2>
C:\Users\atrey\Documents\Assignments\Semester 4\MCES\partb\partb.uvproj
Project File Date:  04/18/2020

<h2>Output:</h2>
*** Using Compiler 'V5.06 update 6 (build 750)', folder: 'C:\Keil_v5\ARM\ARMCC\Bin'
Build target 'Target 1'
compiling init.c...
init.h(2): warning:  #1295-D: Deprecated declaration getJoyStickValue - give arg types
  unsigned int getJoyStickValue();
init.h(3): warning:  #1295-D: Deprecated declaration adc0init - give arg types
  void adc0init();
init.h(4): warning:  #1295-D: Deprecated declaration main - give arg types
  int main();
init.h(5): warning:  #1295-D: Deprecated declaration changeState - give arg types
  void changeState();
init.h(38): warning:  #1-D: last line of file ends without a newline
  void delay(unsigned int);
init.c(56): warning:  #61-D: integer operation result is out of range
  		IOSET0 = 1<<31;
init.c(56): warning:  #68-D: integer conversion resulted in a change of sign
  		IOSET0 = 1<<31;
init.c(260): warning:  #167-D: argument of type "volatile char *" is incompatible with parameter of type "char *__restrict__"
  				sprintf(currentTime,"%02d:%02d:%02d        ",savedTime.hours,savedTime.minutes,savedTime.seconds);
init.c(261): warning:  #167-D: argument of type "volatile char *" is incompatible with parameter of type "char *__restrict__"
  				sprintf(currentDate,"%02d %s %04d    %c",savedTime.day_of_month,dateTimes[savedTime.month],savedTime.year,saveRequested?' ':' ');
init.c(264): warning:  #167-D: argument of type "volatile char *" is incompatible with parameter of type "char *__restrict__"
  				sprintf(currentTime,"%02d:%02d:%02d       %d",customAlarm.hours,customAlarm.minutes,customAlarm.seconds,globalCursorState);
init.c(265): warning:  #167-D: argument of type "volatile char *" is incompatible with parameter of type "char *__restrict__"
  				sprintf(currentDate,"               %c",saveRequested?'Y':'N');
init.c(268): warning:  #167-D: argument of type "volatile char *" is incompatible with parameter of type "char *__restrict__"
  				sprintf(currentTime,"%02d:%02d:%02d       %d",customTime.hours,customTime.minutes,customTime.seconds,globalCursorState);
init.c(269): warning:  #167-D: argument of type "volatile char *" is incompatible with parameter of type "char *__restrict__"
  				sprintf(currentDate,"%02d %s %04d    %c",customTime.day_of_month,dateTimes[customTime.month],customTime.year,saveRequested?'Y':'N');
init.c(353): warning:  #111-D: statement is unreachable
  	LCDAction(0,45,1<<7);
init.c(354): warning:  #167-D: argument of type "volatile char *" is incompatible with parameter of type "const char *"
  	LCDPrint(currentTime);
init.c(356): warning:  #167-D: argument of type "volatile char *" is incompatible with parameter of type "const char *"
  	LCDPrint(currentDate);
init.c: 16 warnings, 0 errors
linking...
Program Size: Code=6336 RO-data=84 RW-data=84 ZI-data=1244  
".\Objects\partb.axf" - 0 Error(s), 16 Warning(s).
Build Time Elapsed:  00:00:01
</pre>
</body>
</html>
